---
source: src/translate/resp_openai_to_anthropic.rs
expression: out
---
{
  "id": "chatcmpl-test",
  "type": "message",
  "role": "assistant",
  "content": [
    {
      "type": "tool_use",
      "id": "call_1",
      "name": "Read",
      "input": {
        "file_path": "/tmp/a.txt"
      }
    },
    {
      "type": "tool_use",
      "id": "call_2",
      "name": "Write",
      "input": {
        "content": "ok",
        "file_path": "/tmp/out.txt"
      }
    }
  ],
  "model": "test-model",
  "stop_reason": "tool_use",
  "usage": {
    "input_tokens": 10,
    "output_tokens": 5
  }
}
